Dump	Hardware Excerpt:
Dump	Arch: x86_64
Dump	
Dump	Proposal Settings Excerpt:
Dump	
Dump	Proposal:
Dump	Shrink Windows partition /dev/sda4 to 22.25 GiB [destructive]
Dump	Set type of partition /dev/sda1 to GPT BIOS (107)
Dump	Create swap volume /dev/sda5 (517.72 MiB)
Dump	Create root volume /dev/sda6 (448.80 GiB) with btrfs
Dump	Create subvolume boot/grub2/i386-pc on device /dev/sda6
Dump	Create subvolume boot/grub2/x86_64-efi on device /dev/sda6
Dump	Create subvolume home on device /dev/sda6
Dump	Create subvolume opt on device /dev/sda6
Dump	Create subvolume srv on device /dev/sda6
Dump	Create subvolume tmp on device /dev/sda6
Dump	Create subvolume usr/local on device /dev/sda6
Dump	Create subvolume var/cache on device /dev/sda6
Dump	Create subvolume var/crash on device /dev/sda6
Dump	Create subvolume var/lib/libvirt/images on device /dev/sda6 with option "no copy on write"
Dump	Create subvolume var/lib/mailman on device /dev/sda6
Dump	Create subvolume var/lib/mariadb on device /dev/sda6 with option "no copy on write"
Dump	Create subvolume var/lib/mysql on device /dev/sda6 with option "no copy on write"
Dump	Create subvolume var/lib/named on device /dev/sda6
Dump	Create subvolume var/lib/pgsql on device /dev/sda6 with option "no copy on write"
Dump	Create subvolume var/log on device /dev/sda6
Dump	Create subvolume var/opt on device /dev/sda6
Dump	Create subvolume var/spool on device /dev/sda6
Dump	Create subvolume var/tmp on device /dev/sda6
Dump	
Dump	Target Map Excerpt:
Dump	device:/dev/sda label:gpt
Dump	device:/dev/sda1 fsid:0x107
Dump	device:/dev/sda2 fsid:0x105
Dump	device:/dev/sda3 fsid:0x7
Dump	device:/dev/sda4 fsid:0x7
Dump	device:/dev/sda5 fsid:0x82
Dump	device:/dev/sda6 fsid:0x83 userdata:{"/"=>"snapshots"}
Dump	
Dump	Proposal Feedback:
