Dump	Hardware Excerpt:
Dump	Arch: s390_64
Dump	
Dump	Proposal Settings Excerpt:
Dump	
Dump	Proposal:
Dump	Delete partition /dev/dasda1 (8.00 GiB) [destructive]
Dump	Delete partition /dev/dasda2 (20.00 MiB) [destructive]
Dump	Delete partition /dev/dasda3 (1.98 GiB) [destructive]
Dump	Create volume /dev/dasda1 (200.00 MiB) for /boot/zipl with ext2
Dump	Create swap volume /dev/dasda2 (512.00 MiB)
Dump	Create root volume /dev/dasda3 (9.30 GiB) with btrfs
Dump	Create subvolume boot/grub2/s390x-emu on device /dev/dasda3
Dump	Create subvolume home on device /dev/dasda3
Dump	Create subvolume opt on device /dev/dasda3
Dump	Create subvolume srv on device /dev/dasda3
Dump	Create subvolume tmp on device /dev/dasda3
Dump	Create subvolume usr/local on device /dev/dasda3
Dump	Create subvolume var/cache on device /dev/dasda3
Dump	Create subvolume var/crash on device /dev/dasda3
Dump	Create subvolume var/lib/libvirt/images on device /dev/dasda3 with option "no copy on write"
Dump	Create subvolume var/lib/machines on device /dev/dasda3
Dump	Create subvolume var/lib/mailman on device /dev/dasda3
Dump	Create subvolume var/lib/mariadb on device /dev/dasda3 with option "no copy on write"
Dump	Create subvolume var/lib/mysql on device /dev/dasda3 with option "no copy on write"
Dump	Create subvolume var/lib/named on device /dev/dasda3
Dump	Create subvolume var/lib/pgsql on device /dev/dasda3 with option "no copy on write"
Dump	Create subvolume var/log on device /dev/dasda3
Dump	Create subvolume var/opt on device /dev/dasda3
Dump	Create subvolume var/spool on device /dev/dasda3
Dump	Create subvolume var/tmp on device /dev/dasda3
Dump	
Dump	Target Map Excerpt:
Dump	device:/dev/dasda label:gpt
Dump	device:/dev/dasda1 delete fsid:0x83
Dump	device:/dev/dasda2 delete fsid:0x83
Dump	device:/dev/dasda3 delete fsid:0x82
Dump	device:/dev/dasda1 fsid:0x83
Dump	device:/dev/dasda2 fsid:0x82
Dump	device:/dev/dasda3 fsid:0x83
Dump	
Dump	Proposal Feedback:
Dump	Cound not do snapshots.
