Dump	Hardware Excerpt:
Dump	Arch: i386
Dump	
Dump	Proposal Settings Excerpt:
Dump	LVM
Dump	Encrypt
Dump	
Dump	Proposal:
Dump	Create BIOS grub volume /dev/sda1 (400.06 MiB)
Dump	Create encrypted volume /dev/sda2 (2.50 TiB)
Dump	Create volume group system (2.50 TiB) from /dev/sda2 [destructive]
Dump	Create root volume /dev/system/root (10.00 GiB) with btrfs
Dump	Create swap logical volume /dev/system/swap (768.00 MiB)
Dump	Create subvolume boot/grub2/i386-pc on device /dev/system/root
Dump	Create subvolume home on device /dev/system/root
Dump	Create subvolume opt on device /dev/system/root
Dump	Create subvolume srv on device /dev/system/root
Dump	Create subvolume tmp on device /dev/system/root
Dump	Create subvolume usr/local on device /dev/system/root
Dump	Create subvolume var/cache on device /dev/system/root
Dump	Create subvolume var/crash on device /dev/system/root
Dump	Create subvolume var/lib/libvirt/images on device /dev/system/root with option "no copy on write"
Dump	Create subvolume var/lib/mailman on device /dev/system/root
Dump	Create subvolume var/lib/mariadb on device /dev/system/root with option "no copy on write"
Dump	Create subvolume var/lib/mysql on device /dev/system/root with option "no copy on write"
Dump	Create subvolume var/lib/named on device /dev/system/root
Dump	Create subvolume var/lib/pgsql on device /dev/system/root with option "no copy on write"
Dump	Create subvolume var/log on device /dev/system/root
Dump	Create subvolume var/opt on device /dev/system/root
Dump	Create subvolume var/spool on device /dev/system/root
Dump	Create subvolume var/tmp on device /dev/system/root
Dump	
Dump	Target Map Excerpt:
Dump	device:/dev/sda label:gpt
Dump	device:/dev/sda1 fsid:0x107
Dump	device:/dev/sda2 fsid:0x8e
Dump	device:/dev/system/root
Dump	device:/dev/system/swap
Dump	
Dump	Proposal Feedback:
