Dump	Hardware Excerpt:
Dump	Arch: ppc64
Dump	Platform: PowerNV
Dump	
Dump	Proposal Settings Excerpt:
Dump	
Dump	Proposal:
Dump	Create swap volume /dev/sda1 (517.72 MiB)
Dump	Create root volume /dev/sda2 (297.58 GiB) with btrfs
Dump	Create subvolume home on device /dev/sda2
Dump	Create subvolume opt on device /dev/sda2
Dump	Create subvolume srv on device /dev/sda2
Dump	Create subvolume tmp on device /dev/sda2
Dump	Create subvolume usr/local on device /dev/sda2
Dump	Create subvolume var/crash on device /dev/sda2
Dump	Create subvolume var/lib/libvirt/images on device /dev/sda2 with option "no copy on write"
Dump	Create subvolume var/lib/mailman on device /dev/sda2
Dump	Create subvolume var/lib/mariadb on device /dev/sda2 with option "no copy on write"
Dump	Create subvolume var/lib/mysql on device /dev/sda2 with option "no copy on write"
Dump	Create subvolume var/lib/named on device /dev/sda2
Dump	Create subvolume var/lib/pgsql on device /dev/sda2 with option "no copy on write"
Dump	Create subvolume var/log on device /dev/sda2
Dump	Create subvolume var/opt on device /dev/sda2
Dump	Create subvolume var/spool on device /dev/sda2
Dump	Create subvolume var/tmp on device /dev/sda2
Dump	
Dump	Target Map Excerpt:
Dump	device:/dev/sda label:msdos
Dump	device:/dev/sda1 fsid:0x82
Dump	device:/dev/sda2 fsid:0x83 userdata:{"/"=>"snapshots"}
Dump	
Dump	Proposal Feedback:
