Dump	Hardware Excerpt:
Dump	Arch: i386
Dump	
Dump	Proposal Settings Excerpt:
Dump	LVM
Dump	
Dump	Proposal:
Dump	Create volume /dev/sda1 (298.09 GiB)
Dump	Create volume group system (298.08 GiB) from /dev/sda1 [destructive]
Dump	Create root volume /dev/system/root (10.00 GiB) with btrfs
Dump	Create swap logical volume /dev/system/swap (768.00 MiB)
Dump	Create subvolume boot/grub2/i386-pc on device /dev/system/root
Dump	Create subvolume home on device /dev/system/root
Dump	Create subvolume opt on device /dev/system/root
Dump	Create subvolume srv on device /dev/system/root
Dump	Create subvolume tmp on device /dev/system/root
Dump	Create subvolume usr/local on device /dev/system/root
Dump	Create subvolume var/cache on device /dev/system/root
Dump	Create subvolume var/crash on device /dev/system/root
Dump	Create subvolume var/lib/libvirt/images on device /dev/system/root with option "no copy on write"
Dump	Create subvolume var/lib/machines on device /dev/system/root
Dump	Create subvolume var/lib/mailman on device /dev/system/root
Dump	Create subvolume var/lib/mariadb on device /dev/system/root with option "no copy on write"
Dump	Create subvolume var/lib/mysql on device /dev/system/root with option "no copy on write"
Dump	Create subvolume var/lib/named on device /dev/system/root
Dump	Create subvolume var/lib/pgsql on device /dev/system/root with option "no copy on write"
Dump	Create subvolume var/log on device /dev/system/root
Dump	Create subvolume var/opt on device /dev/system/root
Dump	Create subvolume var/spool on device /dev/system/root
Dump	Create subvolume var/tmp on device /dev/system/root
Dump	
Dump	Target Map Excerpt:
Dump	device:/dev/sda label:msdos
Dump	device:/dev/sda1 fsid:0x8e
Dump	device:/dev/system/root
Dump	device:/dev/system/swap
Dump	
Dump	Proposal Feedback:
