Dump	Hardware Excerpt:
Dump	Arch: i386
Dump	
Dump	Proposal Settings Excerpt:
Dump	LVM
Dump	Separate Home
Dump	
Dump	Proposal:
Dump	Format logical volume /dev/system/root (5.81 GiB) with btrfs [destructive]
Dump	Create subvolume boot/grub2/i386-pc on device /dev/system/root
Dump	Create subvolume opt on device /dev/system/root
Dump	Create subvolume srv on device /dev/system/root
Dump	Create subvolume tmp on device /dev/system/root
Dump	Create subvolume usr/local on device /dev/system/root
Dump	Create subvolume var/cache on device /dev/system/root
Dump	Create subvolume var/crash on device /dev/system/root
Dump	Create subvolume var/lib/libvirt/images on device /dev/system/root with option "no copy on write"
Dump	Create subvolume var/lib/machines on device /dev/system/root
Dump	Create subvolume var/lib/mailman on device /dev/system/root
Dump	Create subvolume var/lib/mariadb on device /dev/system/root with option "no copy on write"
Dump	Create subvolume var/lib/mysql on device /dev/system/root with option "no copy on write"
Dump	Create subvolume var/lib/named on device /dev/system/root
Dump	Create subvolume var/lib/pgsql on device /dev/system/root with option "no copy on write"
Dump	Create subvolume var/log on device /dev/system/root
Dump	Create subvolume var/opt on device /dev/system/root
Dump	Create subvolume var/spool on device /dev/system/root
Dump	Create subvolume var/tmp on device /dev/system/root
Dump	Use /dev/system/swap as swap
Dump	Set mount point of /dev/system/home to /home
Dump	
Dump	Target Map Excerpt:
Dump	device:/dev/system/home
Dump	device:/dev/system/root
Dump	device:/dev/system/swap
Dump	
Dump	Proposal Feedback:
